[INFO] Scanning for projects...
[INFO] 
[INFO] ---------------------------< io.cdn:antsCdn >---------------------------
[INFO] Building antsCdn 3.0.0
[INFO]   from pom.xml
[INFO] --------------------------------[ jar ]---------------------------------
[INFO] 
[INFO] --- clean:3.2.0:clean (default-clean) @ antsCdn ---
[INFO] Deleting /Users/xun/work/CDN/cdn-user-service/backend/target
[INFO] 
[INFO] --- resources:3.3.1:resources (default-resources) @ antsCdn ---
[INFO] Copying 0 resource from src/main/resources to target/classes
[INFO] Copying 93 resources from src/main/resources to target/classes
[INFO] 
[INFO] --- compiler:3.11.0:compile (default-compile) @ antsCdn ---
[INFO] Changes detected - recompiling the module! :source
[INFO] Compiling 625 source files with javac [debug release 22] to target/classes
[INFO] Annotation processing is enabled because one or more processors were found
  on the class path. A future release of javac may disable annotation processing
  unless at least one processor is specified by name (-processor), or a search
  path is specified (--processor-path, --processor-module-path), or annotation
  processing is enabled explicitly (-proc:only, -proc:full).
  Use -Xlint:-options to suppress this message.
  Use -proc:none to disable annotation processing.
[INFO] ------------------------------------------------------------------------
[INFO] BUILD FAILURE
[INFO] ------------------------------------------------------------------------
[INFO] Total time:  2.008 s
[INFO] Finished at: 2025-07-01T17:08:53+08:00
[INFO] ------------------------------------------------------------------------
[ERROR] Failed to execute goal org.apache.maven.plugins:maven-compiler-plugin:3.11.0:compile (default-compile) on project antsCdn: Compilation failure -> [Help 1]
[ERROR] 
[ERROR] To see the full stack trace of the errors, re-run Maven with the -e switch.
[ERROR] Re-run Maven using the -X switch to enable full debug logging.
[ERROR] 
[ERROR] For more information about the errors and possible solutions, please read the following articles:
[ERROR] [Help 1] http://cwiki.apache.org/confluence/display/MAVEN/MojoFailureException
